// Jest Snapshot v1, https://goo.gl/fbAQLP

exports[`SingleMemoryView component renders SingleMemoryView 1`] = `
<View
  style={
    Object {
      "alignItems": "center",
      "backgroundColor": "transparent",
      "flex": 1,
      "flexDirection": "row",
      "flexWrap": "wrap",
      "height": undefined,
      "justifyContent": "center",
      "padding": 20,
      "width": undefined,
    }
  }
>
  <Image
    source={1}
    style={
      Array [
        Object {
          "bottom": 0,
          "left": 0,
          "position": "absolute",
          "right": 0,
          "top": 0,
        },
        Object {
          "height": undefined,
          "width": undefined,
        },
        undefined,
      ]
    }
  />
  <View
    style={
      Object {
        "alignItems": "center",
        "backgroundColor": "transparent",
        "flex": 1,
        "flexDirection": "row",
        "flexWrap": "wrap",
        "height": undefined,
        "justifyContent": "center",
        "padding": 20,
        "width": undefined,
      }
    }
  >
    <RCTScrollView>
      <View>
        <Text
          accessible={true}
          allowFontScaling={true}
          ellipsizeMode="tail"
          style={
            Object {
              "alignSelf": "center",
              "color": "#b20000",
              "fontSize": 22,
              "fontWeight": "bold",
              "marginTop": 30,
              "padding": 10,
              "textShadowColor": "#000000",
              "textShadowOffset": Object {
                "height": 5,
                "width": 5,
              },
              "textShadowRadius": 8,
            }
          }
        />
        <Text
          accessible={true}
          allowFontScaling={true}
          ellipsizeMode="tail"
          style={
            Object {
              "alignSelf": "center",
              "color": "#FFFFFF",
              "fontSize": 20,
              "marginTop": 30,
              "padding": 10,
              "textShadowColor": "#000000",
              "textShadowOffset": Object {
                "height": 5,
                "width": 5,
              },
              "textShadowRadius": 8,
            }
          }
        />
      </View>
    </RCTScrollView>
  </View>
</View>
`;
